error: proc macro panicked
  --> src/no-closure.rs:15:1
   |
15 | usdt::dtrace_provider!("../../../tests/compile-errors/providers/type-mismatch.d");
   | ^^^^^^^^^^^^^^^^^^^^^^^^^^^^^^^^^^^^^^^^^^^^^^^^^^^^^^^^^^^^^^^^^^^^^^^^^^^^^^^^^
   |
   = help: message: Could not read D source file "../../../tests/compile-errors/providers/type-mismatch.d" in "$WORKSPACE/target/tests/trybuild/compile-errors"

error[E0433]: failed to resolve: use of undeclared crate or module `mismatch`
  --> src/no-closure.rs:19:5
   |
19 |     mismatch::bad!(arg);
   |     ^^^^^^^^ use of undeclared crate or module `mismatch`
