error[E0308]: mismatched types
  --> $DIR/zero-arg-probe-type-check.rs:7:1
   |
7  | #[usdt::provider]
   | ^^^^^^^^^^^^^^^^^
   | |
   | expected `()`, found `&str`
   | expected due to this
...
13 |     my_provider_my_probe!(|| "This should fail");
   |     -------------------------------------------- in this macro invocation
   |
   = note: this error originates in the macro `my_provider_my_probe` (in Nightly builds, run with -Z macro-backtrace for more info)
